test_closed_inert_archive_local_central_end_census (tests.test_prebuilt_release_chain.ArchiveBoundaryTests.test_closed_inert_archive_local_central_end_census) ... ok
test_ignored_prefix_trailing_and_local_authority_mutants_fail (tests.test_prebuilt_release_chain.ArchiveBoundaryTests.test_ignored_prefix_trailing_and_local_authority_mutants_fail) ... ok
test_all_current_conformance_campaigns_are_preserved_and_use_owned_paths (tests.test_prebuilt_release_chain.HostedPlanTests.test_all_current_conformance_campaigns_are_preserved_and_use_owned_paths) ... ok
test_install_has_no_source_resolution_and_clears_loader_overrides (tests.test_prebuilt_release_chain.HostedPlanTests.test_install_has_no_source_resolution_and_clears_loader_overrides) ... ok
test_installed_dispatch_selects_fresh_console_for_complete_lifecycle_and_campaigns (tests.test_prebuilt_release_chain.HostedPlanTests.test_installed_dispatch_selects_fresh_console_for_complete_lifecycle_and_campaigns) ... ok
test_locked_upstream_sources_have_complete_pinned_license_census (tests.test_prebuilt_release_chain.HostedPlanTests.test_locked_upstream_sources_have_complete_pinned_license_census) ... ok
test_missing_or_nonexecutable_fresh_console_rejects_host_fallback_before_campaigns (tests.test_prebuilt_release_chain.HostedPlanTests.test_missing_or_nonexecutable_fresh_console_rejects_host_fallback_before_campaigns) ... ok
test_static_recipe_is_baseline_pic_no_assembly_and_real_check (tests.test_prebuilt_release_chain.HostedPlanTests.test_static_recipe_is_baseline_pic_no_assembly_and_real_check) ... ok
test_atomic_staging_preserves_original_on_failed_final_validation (tests.test_prebuilt_release_chain.SdkBackendCanonicalizationTests.test_atomic_staging_preserves_original_on_failed_final_validation) ... ok
test_bad_record_unknown_members_and_changed_source_or_pins_are_not_repaired (tests.test_prebuilt_release_chain.SdkBackendCanonicalizationTests.test_bad_record_unknown_members_and_changed_source_or_pins_are_not_repaired) ... ok
test_malformed_zip_metadata_and_unclaimed_bytes_remain_rejected (tests.test_prebuilt_release_chain.SdkBackendCanonicalizationTests.test_malformed_zip_metadata_and_unclaimed_bytes_remain_rejected) ... ok
test_other_modes_and_symlinks_are_not_canonicalized (tests.test_prebuilt_release_chain.SdkBackendCanonicalizationTests.test_other_modes_and_symlinks_are_not_canonicalized) ... ok
test_pinned_backend_record_mode_changes_only_central_mode_bytes (tests.test_prebuilt_release_chain.SdkBackendCanonicalizationTests.test_pinned_backend_record_mode_changes_only_central_mode_bytes) ... ok
test_sdk_driver_records_canonicalization_after_backend_success (tests.test_prebuilt_release_chain.SdkBackendCanonicalizationTests.test_sdk_driver_records_canonicalization_after_backend_success) ... ok
test_companion_binding_and_wheel_modes_cannot_be_detached (tests.test_prebuilt_release_chain.WholeReleaseTests.test_companion_binding_and_wheel_modes_cannot_be_detached) ... ok
test_duplicate_control_keys_and_record_omission_reject (tests.test_prebuilt_release_chain.WholeReleaseTests.test_duplicate_control_keys_and_record_omission_reject) ... ok
test_rehashed_dynamic_linkage_or_wrong_final_binary_does_not_pass (tests.test_prebuilt_release_chain.WholeReleaseTests.test_rehashed_dynamic_linkage_or_wrong_final_binary_does_not_pass) ... ok
test_rehashed_stale_source_and_material_index_are_rejected (tests.test_prebuilt_release_chain.WholeReleaseTests.test_rehashed_stale_source_and_material_index_are_rejected) ... ok
test_whole_native_entry_plan_contains_exact_notices_sources_and_link_audit (tests.test_prebuilt_release_chain.WholeReleaseTests.test_whole_native_entry_plan_contains_exact_notices_sources_and_link_audit) ... ok
test_complete_phase_and_campaign_census_is_accepted (tests.test_prebuilt_sdk_matrix.MatrixTests.test_complete_phase_and_campaign_census_is_accepted) ... ok
test_fully_repaired_owned_role_pin_cannot_change_candidate (tests.test_prebuilt_sdk_matrix.MatrixTests.test_fully_repaired_owned_role_pin_cannot_change_candidate) ... ok
test_missing_campaign_failed_command_or_wrong_runtime_rejects (tests.test_prebuilt_sdk_matrix.MatrixTests.test_missing_campaign_failed_command_or_wrong_runtime_rejects) ... ok
test_repaired_command_cannot_use_artifact_mirror_or_subset (tests.test_prebuilt_sdk_matrix.MatrixTests.test_repaired_command_cannot_use_artifact_mirror_or_subset) ... ok
test_repaired_lifecycle_cannot_skip_actual_uninstall_or_missing_probe (tests.test_prebuilt_sdk_matrix.MatrixTests.test_repaired_lifecycle_cannot_skip_actual_uninstall_or_missing_probe) ... ok
test_complete_sdk_source_resources_cli_and_exact_optional_native_pin (tests.test_prebuilt_sdk_matrix.SdkWheelTests.test_complete_sdk_source_resources_cli_and_exact_optional_native_pin) ... ok
test_repaired_record_cannot_remove_studio_resource_or_change_source (tests.test_prebuilt_sdk_matrix.SdkWheelTests.test_repaired_record_cannot_remove_studio_resource_or_change_source) ... ok
test_repaired_sdk_release_or_dependency_pin_fails (tests.test_prebuilt_sdk_matrix.SdkWheelTests.test_repaired_sdk_release_or_dependency_pin_fails) ... ok
test_unknown_metadata_or_executable_sdk_member_rejects (tests.test_prebuilt_sdk_matrix.SdkWheelTests.test_unknown_metadata_or_executable_sdk_member_rejects) ... ok
test_callback_budget_restoration_preserves_prior_source_proofs (tests.test_prebuilt_ci_plan.HostedCiPlanTests.test_callback_budget_restoration_preserves_prior_source_proofs) ... ok
test_deferred_context_restoration_rejects_unreviewed_or_extra_source_changes (tests.test_prebuilt_ci_plan.HostedCiPlanTests.test_deferred_context_restoration_rejects_unreviewed_or_extra_source_changes) ... ok
test_every_native_test_command_survives_and_static_preparation_precedes_dependencies (tests.test_prebuilt_ci_plan.HostedCiPlanTests.test_every_native_test_command_survives_and_static_preparation_precedes_dependencies) ... ok
test_every_previous_required_job_and_variant_remains_with_two_additions (tests.test_prebuilt_ci_plan.HostedCiPlanTests.test_every_previous_required_job_and_variant_remains_with_two_additions) ... ok
test_fixed_provider_restoration_rejects_unreviewed_source_changes (tests.test_prebuilt_ci_plan.HostedCiPlanTests.test_fixed_provider_restoration_rejects_unreviewed_source_changes) ... ok
test_fresh_four_runtime_slots_have_no_source_install_or_dynamic_gmp_fallback (tests.test_prebuilt_ci_plan.HostedCiPlanTests.test_fresh_four_runtime_slots_have_no_source_install_or_dynamic_gmp_fallback) ... ok
test_hosted_audit_selection_resolves_tool_symlinks_without_relaxing_release_inputs (tests.test_prebuilt_ci_plan.HostedCiPlanTests.test_hosted_audit_selection_resolves_tool_symlinks_without_relaxing_release_inputs) ... ok
test_installed_path_edits_are_finite_and_no_semantic_case_body_is_changed (tests.test_prebuilt_ci_plan.HostedCiPlanTests.test_installed_path_edits_are_finite_and_no_semantic_case_body_is_changed) ... ok
test_sdk_assembly_pins_build_tools_and_both_material_companions (tests.test_prebuilt_ci_plan.HostedCiPlanTests.test_sdk_assembly_pins_build_tools_and_both_material_companions) ... ok

----------------------------------------------------------------------
Ran 37 tests in 1.430s

OK
