test_independent_frame_and_lifetime_exact_and_one_short_bounds (tests.test_pipeline_callback_frame_budget.CallbackFrameBudgetTests.test_independent_frame_and_lifetime_exact_and_one_short_bounds) ... ok
test_callback_budget_restoration_preserves_prior_source_proofs (tests.test_prebuilt_ci_plan.HostedCiPlanTests.test_callback_budget_restoration_preserves_prior_source_proofs) ... ok
test_deferred_context_restoration_rejects_unreviewed_or_extra_source_changes (tests.test_prebuilt_ci_plan.HostedCiPlanTests.test_deferred_context_restoration_rejects_unreviewed_or_extra_source_changes) ... ok
test_every_native_test_command_survives_and_static_preparation_precedes_dependencies (tests.test_prebuilt_ci_plan.HostedCiPlanTests.test_every_native_test_command_survives_and_static_preparation_precedes_dependencies) ... ok
test_every_previous_required_job_and_variant_remains_with_two_additions (tests.test_prebuilt_ci_plan.HostedCiPlanTests.test_every_previous_required_job_and_variant_remains_with_two_additions) ... ok
test_fixed_provider_restoration_rejects_unreviewed_source_changes (tests.test_prebuilt_ci_plan.HostedCiPlanTests.test_fixed_provider_restoration_rejects_unreviewed_source_changes) ... ok
test_fresh_four_runtime_slots_have_no_source_install_or_dynamic_gmp_fallback (tests.test_prebuilt_ci_plan.HostedCiPlanTests.test_fresh_four_runtime_slots_have_no_source_install_or_dynamic_gmp_fallback) ... ok
test_hosted_audit_selection_resolves_tool_symlinks_without_relaxing_release_inputs (tests.test_prebuilt_ci_plan.HostedCiPlanTests.test_hosted_audit_selection_resolves_tool_symlinks_without_relaxing_release_inputs) ... ok
test_installed_path_edits_are_finite_and_no_semantic_case_body_is_changed (tests.test_prebuilt_ci_plan.HostedCiPlanTests.test_installed_path_edits_are_finite_and_no_semantic_case_body_is_changed) ... ok
test_sdk_assembly_pins_build_tools_and_both_material_companions (tests.test_prebuilt_ci_plan.HostedCiPlanTests.test_sdk_assembly_pins_build_tools_and_both_material_companions) ... ok
test_actual_fixed_initializer_serialization_preserves_single_authored_request (tests.test_pipeline_manager_campaign.FixedSerializationGuardTests.test_actual_fixed_initializer_serialization_preserves_single_authored_request) ... ok
test_all_original_fixed_outputs_serialize_only_through_actual_document_action (tests.test_pipeline_manager_campaign.FixedSerializationGuardTests.test_all_original_fixed_outputs_serialize_only_through_actual_document_action) ... ok
test_forged_serializer_names_and_copied_globals_do_not_gain_permission (tests.test_pipeline_manager_campaign.FixedSerializationGuardTests.test_forged_serializer_names_and_copied_globals_do_not_gain_permission) ... ok
test_offline_comprehension_census_does_not_grant_live_execution_permission (tests.test_pipeline_manager_campaign.FixedSerializationGuardTests.test_offline_comprehension_census_does_not_grant_live_execution_permission) ... ok
test_reviewed_modules_do_not_allow_parsers_evaluators_generators_or_acceptance (tests.test_pipeline_manager_campaign.FixedSerializationGuardTests.test_reviewed_modules_do_not_allow_parsers_evaluators_generators_or_acceptance) ... ok
test_standalone_type_semantics_and_other_broker_actions_remain_forbidden (tests.test_pipeline_manager_campaign.FixedSerializationGuardTests.test_standalone_type_semantics_and_other_broker_actions_remain_forbidden) ... ok
test_user_mapping_hook_cannot_borrow_ancestor_serialization_permission (tests.test_pipeline_manager_campaign.FixedSerializationGuardTests.test_user_mapping_hook_cannot_borrow_ancestor_serialization_permission) ... ok
test_comparison_case_event_and_inspection_census_cannot_shrink (tests.test_pipeline_manager_campaign.PipelineManagerCampaignTests.test_comparison_case_event_and_inspection_census_cannot_shrink) ... ok
test_complete_case_mutations_are_rejected_even_with_new_content_hash (tests.test_pipeline_manager_campaign.PipelineManagerCampaignTests.test_complete_case_mutations_are_rejected_even_with_new_content_hash) ... ok
test_complete_comparator_fixture_and_nonce_projection (tests.test_pipeline_manager_campaign.PipelineManagerCampaignTests.test_complete_comparator_fixture_and_nonce_projection) ... ok
test_complete_four_runtime_matrix_rehashes_receipts_and_binaries (tests.test_pipeline_manager_campaign.PipelineManagerCampaignTests.test_complete_four_runtime_matrix_rehashes_receipts_and_binaries) ... ok
test_complete_gate_requires_all_deferred_cases_in_addition_to_existing_39 (tests.test_pipeline_manager_campaign.PipelineManagerCampaignTests.test_complete_gate_requires_all_deferred_cases_in_addition_to_existing_39) ... ok
test_deferred_native_fingerprint_witness_binds_full_object_chain_and_order (tests.test_pipeline_manager_campaign.PipelineManagerCampaignTests.test_deferred_native_fingerprint_witness_binds_full_object_chain_and_order) ... ok
test_deferred_observer_retains_live_tail_nodes_and_exception_relationships (tests.test_pipeline_manager_campaign.PipelineManagerCampaignTests.test_deferred_observer_retains_live_tail_nodes_and_exception_relationships) ... ok
test_deferred_original_bodies_and_replacement_constructors_are_preserved (tests.test_pipeline_manager_campaign.PipelineManagerCampaignTests.test_deferred_original_bodies_and_replacement_constructors_are_preserved)
Original Python managers exercise observation glue, never native parity. ... ok
test_deferred_repaired_frames_still_reject_semantic_substitution (tests.test_pipeline_manager_campaign.PipelineManagerCampaignTests.test_deferred_repaired_frames_still_reject_semantic_substitution) ... ok
test_four_runtime_comparison_rejects_incomplete_or_stale_inputs (tests.test_pipeline_manager_campaign.PipelineManagerCampaignTests.test_four_runtime_comparison_rejects_incomplete_or_stale_inputs) ... ok
test_frozen_oracle_loading_restores_import_path (tests.test_pipeline_manager_campaign.PipelineManagerCampaignTests.test_frozen_oracle_loading_restores_import_path) ... ok
test_full_original_and_pending_census (tests.test_pipeline_manager_campaign.PipelineManagerCampaignTests.test_full_original_and_pending_census) ... ok
test_guard_forbids_original_manager_and_native_semantic_fallback (tests.test_pipeline_manager_campaign.PipelineManagerCampaignTests.test_guard_forbids_original_manager_and_native_semantic_fallback) ... ok
test_missing_duplicate_cases_and_pending_claim_changes_fail (tests.test_pipeline_manager_campaign.PipelineManagerCampaignTests.test_missing_duplicate_cases_and_pending_claim_changes_fail) ... ok
test_nested_guard_chains_external_profiler_once_and_checks_raised_exits (tests.test_pipeline_manager_campaign.PipelineManagerCampaignTests.test_nested_guard_chains_external_profiler_once_and_checks_raised_exits) ... ok
test_order_and_physical_provider_inventory_mutations_fail (tests.test_pipeline_manager_campaign.PipelineManagerCampaignTests.test_order_and_physical_provider_inventory_mutations_fail) ... ok
test_original_comparison_bodies_run_through_observational_swap (tests.test_pipeline_manager_campaign.PipelineManagerCampaignTests.test_original_comparison_bodies_run_through_observational_swap)
A Python-only view tests harness glue; it is not native acceptance. ... ok
test_profiler_retains_actual_consumed_exception_without_observation_hooks (tests.test_pipeline_manager_campaign.PipelineManagerCampaignTests.test_profiler_retains_actual_consumed_exception_without_observation_hooks) ... ok
test_python_only_role_probe_fixture_uses_actual_flag_and_bounded_io (tests.test_pipeline_manager_campaign.PipelineManagerCampaignTests.test_python_only_role_probe_fixture_uses_actual_flag_and_bounded_io) ... ok
test_rehashed_exception_translation_and_token_substitution_fail (tests.test_pipeline_manager_campaign.PipelineManagerCampaignTests.test_rehashed_exception_translation_and_token_substitution_fail) ... ok
test_rehashed_native_reply_and_comparison_semantics_cannot_detach (tests.test_pipeline_manager_campaign.PipelineManagerCampaignTests.test_rehashed_native_reply_and_comparison_semantics_cannot_detach) ... ok
test_session_binding_usage_and_lifo_mutations_are_rejected (tests.test_pipeline_manager_campaign.PipelineManagerCampaignTests.test_session_binding_usage_and_lifo_mutations_are_rejected) ... ok
test_swapped_equal_actions_and_extra_commands_have_no_observation (tests.test_pipeline_manager_campaign.PipelineManagerCampaignTests.test_swapped_equal_actions_and_extra_commands_have_no_observation) ... ok
test_whole_byte_inventory_and_actual_verify_are_required (tests.test_pipeline_manager_campaign.PipelineManagerCampaignTests.test_whole_byte_inventory_and_actual_verify_are_required) ... ok
test_actual_host_stack_preserves_original_object_and_retained_tail (tests.test_pipeline_manager_trace.PipelineManagerTraceTests.test_actual_host_stack_preserves_original_object_and_retained_tail) ... ok
test_actual_logical_adapter_stack_has_one_complete_segment (tests.test_pipeline_manager_trace.PipelineManagerTraceTests.test_actual_logical_adapter_stack_has_one_complete_segment) ... ok
test_actual_reused_exception_keeps_its_prior_request_stack (tests.test_pipeline_manager_trace.PipelineManagerTraceTests.test_actual_reused_exception_keeps_its_prior_request_stack) ... ok
test_all_47_fresh_original_cases_have_closed_manager_segment_recipes (tests.test_pipeline_manager_trace.PipelineManagerTraceTests.test_all_47_fresh_original_cases_have_closed_manager_segment_recipes) ... ok
test_host_tail_node_identity_and_cause_are_not_text_projections (tests.test_pipeline_manager_trace.PipelineManagerTraceTests.test_host_tail_node_identity_and_cause_are_not_text_projections) ... ok
test_registration_unit_and_nested_command_cannot_exchange_ownership (tests.test_pipeline_manager_trace.PipelineManagerTraceTests.test_registration_unit_and_nested_command_cannot_exchange_ownership) ... ok
test_rehashed_action_and_valid_source_site_substitution_is_rejected (tests.test_pipeline_manager_trace.PipelineManagerTraceTests.test_rehashed_action_and_valid_source_site_substitution_is_rejected) ... ok
test_repaired_public_delegation_frames_are_exact_and_command_bound (tests.test_pipeline_manager_trace.PipelineManagerTraceTests.test_repaired_public_delegation_frames_are_exact_and_command_bound) ... ok
test_repaired_raw_frames_cannot_omit_duplicate_or_reorder_bridge (tests.test_pipeline_manager_trace.PipelineManagerTraceTests.test_repaired_raw_frames_cannot_omit_duplicate_or_reorder_bridge) ... ok
test_all_original_return_graphs_reconstruct_from_complete_native_reply_shapes (tests.test_pipeline_fixed_provider_campaign.PipelineFixedProviderCampaignTests.test_all_original_return_graphs_reconstruct_from_complete_native_reply_shapes) ... ok
test_complete_artifact_census_verify_role_and_lifetime_are_mandatory (tests.test_pipeline_fixed_provider_campaign.PipelineFixedProviderCampaignTests.test_complete_artifact_census_verify_role_and_lifetime_are_mandatory) ... ok
test_four_runtime_comparison_rehashes_full_evidence_and_source_authority (tests.test_pipeline_fixed_provider_campaign.PipelineFixedProviderCampaignTests.test_four_runtime_comparison_rehashes_full_evidence_and_source_authority) ... ok
test_frame_validator_accepts_only_one_explicit_closed_initializer (tests.test_pipeline_fixed_provider_campaign.PipelineFixedProviderCampaignTests.test_frame_validator_accepts_only_one_explicit_closed_initializer) ... ok
test_guard_requires_the_exact_closed_initializer_and_transport (tests.test_pipeline_fixed_provider_campaign.PipelineFixedProviderCampaignTests.test_guard_requires_the_exact_closed_initializer_and_transport) ... ok
test_observation_intervals_provider_bijection_and_obligation_slots_are_exact (tests.test_pipeline_fixed_provider_campaign.PipelineFixedProviderCampaignTests.test_observation_intervals_provider_bijection_and_obligation_slots_are_exact) ... ok
test_original_loading_restores_import_path_and_rejects_source_tree_runtime (tests.test_pipeline_fixed_provider_campaign.PipelineFixedProviderCampaignTests.test_original_loading_restores_import_path_and_rejects_source_tree_runtime) ... ok
test_repaired_complete_view_binding_and_lifetime_mutants_reject (tests.test_pipeline_fixed_provider_campaign.PipelineFixedProviderCampaignTests.test_repaired_complete_view_binding_and_lifetime_mutants_reject) ... ok
test_repaired_native_record_and_authority_changes_fail (tests.test_pipeline_fixed_provider_campaign.PipelineFixedProviderCampaignTests.test_repaired_native_record_and_authority_changes_fail) ... ok
test_repaired_origin_action_and_wrapper_result_cannot_detach (tests.test_pipeline_fixed_provider_campaign.PipelineFixedProviderCampaignTests.test_repaired_origin_action_and_wrapper_result_cannot_detach) ... ok
test_repaired_reply_value_and_order_changes_fail_semantic_observation (tests.test_pipeline_fixed_provider_campaign.PipelineFixedProviderCampaignTests.test_repaired_reply_value_and_order_changes_fail_semantic_observation) ... ok

----------------------------------------------------------------------
Ran 61 tests in 139.334s

OK
